2026-08-24T10:37:50+0800 INFO fridgeboard.main: http_request method=GET path=/api/auth/status status=200 elapsed_ms=6.1
2026-08-24T10:37:50+0800 INFO fridgeboard.main: http_request method=GET path=/api/refrigerator-templates status=200 elapsed_ms=12.4
2026-08-24T10:37:50+0800 INFO fridgeboard.main: http_request method=GET path=/api/refrigerators status=200 elapsed_ms=13.4
2026-08-24T10:37:50+0800 INFO fridgeboard.main: http_request method=GET path=/api/owner/refrigerators/a69d5943e6a94e46ade1bd86b8907aa5/categories status=200 elapsed_ms=47.2
2026-08-24T10:37:50+0800 INFO fridgeboard.main: http_request method=GET path=/api/owner/refrigerators/a69d5943e6a94e46ade1bd86b8907aa5/icons status=200 elapsed_ms=47.7
2026-08-24T10:37:50+0800 INFO fridgeboard.main: http_request method=GET path=/api/owner/refrigerators/a69d5943e6a94e46ade1bd86b8907aa5/expiry-settings status=200 elapsed_ms=49.6
2026-08-24T10:37:50+0800 INFO fridgeboard.main: http_request method=GET path=/api/owner/refrigerators/a69d5943e6a94e46ade1bd86b8907aa5/layout status=200 elapsed_ms=56.9
2026-08-24T10:37:50+0800 INFO fridgeboard.main: http_request method=GET path=/api/owner/refrigerators/a69d5943e6a94e46ade1bd86b8907aa5/notification-settings status=200 elapsed_ms=6.9
2026-08-24T10:37:50+0800 INFO fridgeboard.main: http_request method=GET path=/api/owner/refrigerators/a69d5943e6a94e46ade1bd86b8907aa5/inventory status=200 elapsed_ms=67.6
2026-08-24T10:37:50+0800 INFO fridgeboard.main: http_request method=GET path=/api/owner/refrigerators/a69d5943e6a94e46ade1bd86b8907aa5/inventory status=200 elapsed_ms=69.6
2026-08-24T10:37:50+0800 INFO fridgeboard.main: http_request method=GET path=/api/icon-library/tomato status=200 elapsed_ms=4.6
2026-08-24T10:37:50+0800 INFO fridgeboard.main: http_request method=GET path=/api/icon-library/steamed-bun status=200 elapsed_ms=4.5
2026-08-24T10:37:50+0800 INFO fridgeboard.main: http_request method=GET path=/api/icon-library/pork status=200 elapsed_ms=4.1
2026-08-24T10:37:50+0800 INFO fridgeboard.main: http_request method=GET path=/api/icon-library/fish status=200 elapsed_ms=5.5
2026-08-24T10:37:50+0800 INFO fridgeboard.main: http_request method=GET path=/api/icon-library/vegetable status=200 elapsed_ms=5.5
2026-08-24T10:37:50+0800 INFO fridgeboard.main: http_request method=GET path=/api/icon-library/fluent-emoji-high-contrast:chicken status=200 elapsed_ms=5.1
2026-08-24T10:37:50+0800 INFO fridgeboard.main: http_request method=GET path=/api/icon-library/milk status=200 elapsed_ms=2.0
2026-08-24T10:37:50+0800 INFO fridgeboard.main: http_request method=GET path=/api/icon-library/chinese-cabbage status=200 elapsed_ms=2.1
2026-08-24T10:37:50+0800 INFO fridgeboard.main: http_request method=GET path=/api/icon-library/dried-goods status=200 elapsed_ms=3.5
2026-08-24T10:37:50+0800 INFO fridgeboard.main: http_request method=POST path=/api/owner/refrigerators/a69d5943e6a94e46ade1bd86b8907aa5/notifications/due status=200 elapsed_ms=2.2
2026-08-24T10:45:27+0800 INFO fridgeboard.main: http_request method=GET path=/api/owner/refrigerators/a69d5943e6a94e46ade1bd86b8907aa5/categories/recent status=200 elapsed_ms=5.5
2026-08-24T10:45:27+0800 INFO fridgeboard.main: http_request method=GET path=/api/owner/refrigerators/a69d5943e6a94e46ade1bd86b8907aa5/categories/recent status=200 elapsed_ms=5.0
2026-08-24T10:52:34+0800 INFO fridgeboard.main: http_request method=GET path=/api/auth/status status=200 elapsed_ms=0.9
2026-08-24T10:52:34+0800 INFO fridgeboard.main: http_request method=GET path=/api/refrigerator-templates status=200 elapsed_ms=2.4
2026-08-24T10:52:34+0800 INFO fridgeboard.main: http_request method=POST path=/api/owner/refrigerators/a69d5943e6a94e46ade1bd86b8907aa5/notifications/due status=200 elapsed_ms=5.8
2026-08-24T10:52:34+0800 INFO fridgeboard.main: http_request method=POST path=/api/owner/refrigerators/a69d5943e6a94e46ade1bd86b8907aa5/notifications/due status=200 elapsed_ms=7.1
2026-08-24T10:52:34+0800 INFO fridgeboard.main: http_request method=GET path=/api/refrigerators status=200 elapsed_ms=6.0
2026-08-24T10:52:37+0800 INFO fridgeboard.main: http_request method=GET path=/api/owner/refrigerators/a69d5943e6a94e46ade1bd86b8907aa5/categories/recent status=200 elapsed_ms=6.7
2026-08-24T10:52:37+0800 INFO fridgeboard.main: http_request method=GET path=/api/owner/refrigerators/a69d5943e6a94e46ade1bd86b8907aa5/categories/recent status=200 elapsed_ms=7.3
2026-08-24T10:52:39+0800 INFO fridgeboard.main: http_request method=GET path=/api/owner/refrigerators/a69d5943e6a94e46ade1bd86b8907aa5/categories/recent status=200 elapsed_ms=5.2
2026-08-24T10:52:39+0800 INFO fridgeboard.main: http_request method=GET path=/api/owner/refrigerators/a69d5943e6a94e46ade1bd86b8907aa5/categories/recent status=200 elapsed_ms=6.2
2026-08-24T11:02:04+0800 INFO fridgeboard.main: http_request method=GET path=/api/owner/refrigerators/a69d5943e6a94e46ade1bd86b8907aa5/categories/recent status=200 elapsed_ms=2.6
2026-08-24T11:02:04+0800 INFO fridgeboard.main: http_request method=GET path=/api/owner/refrigerators/a69d5943e6a94e46ade1bd86b8907aa5/categories/recent status=200 elapsed_ms=5.5
2026-08-24T11:04:44+0800 INFO fridgeboard.main: http_request method=GET path=/api/owner/refrigerators/a69d5943e6a94e46ade1bd86b8907aa5/custom-shopping-items status=200 elapsed_ms=3.9
2026-08-24T11:04:45+0800 INFO fridgeboard.main: http_request method=GET path=/api/owner/refrigerators/a69d5943e6a94e46ade1bd86b8907aa5/custom-shopping-items status=200 elapsed_ms=1.5
2026-08-24T11:08:03+0800 INFO fridgeboard.main: http_request method=GET path=/api/owner/refrigerators/a69d5943e6a94e46ade1bd86b8907aa5/categories/recent status=200 elapsed_ms=3.4
2026-08-24T11:08:03+0800 INFO fridgeboard.main: http_request method=GET path=/api/owner/refrigerators/a69d5943e6a94e46ade1bd86b8907aa5/categories/recent status=200 elapsed_ms=4.6
2026-08-24T11:12:04+0800 INFO fridgeboard.main: http_request method=GET path=/api/owner/refrigerators/a69d5943e6a94e46ade1bd86b8907aa5/categories/recent status=200 elapsed_ms=4.5
2026-08-24T11:12:04+0800 INFO fridgeboard.main: http_request method=GET path=/api/owner/refrigerators/a69d5943e6a94e46ade1bd86b8907aa5/categories/recent status=200 elapsed_ms=4.5
2026-08-24T11:12:07+0800 INFO fridgeboard.main: http_request method=GET path=/api/owner/refrigerators/a69d5943e6a94e46ade1bd86b8907aa5/categories/recent status=200 elapsed_ms=3.6
2026-08-24T11:12:07+0800 INFO fridgeboard.main: http_request method=GET path=/api/owner/refrigerators/a69d5943e6a94e46ade1bd86b8907aa5/categories/recent status=200 elapsed_ms=4.9
2026-08-24T11:12:38+0800 INFO fridgeboard.main: http_request method=GET path=/api/icon-library/fish.svg status=200 elapsed_ms=4.9
2026-08-24T11:12:38+0800 INFO fridgeboard.main: http_request method=GET path=/api/icon-library/pork.svg status=200 elapsed_ms=5.8
2026-08-24T11:12:38+0800 INFO fridgeboard.main: http_request method=GET path=/api/icon-library/vegetable.svg status=200 elapsed_ms=4.8
2026-08-24T11:12:38+0800 INFO fridgeboard.main: http_request method=GET path=/api/icon-library/fluent-emoji-high-contrast:chicken.svg status=200 elapsed_ms=4.2
2026-08-24T11:12:38+0800 INFO fridgeboard.main: http_request method=GET path=/api/icon-library/tomato.svg status=200 elapsed_ms=5.7
2026-08-24T11:12:38+0800 INFO fridgeboard.main: http_request method=GET path=/api/icon-library/steamed-bun.svg status=200 elapsed_ms=7.6
2026-08-24T11:12:38+0800 INFO fridgeboard.main: http_request method=GET path=/api/icon-library/chinese-cabbage.svg status=200 elapsed_ms=1.6
2026-08-24T11:12:38+0800 INFO fridgeboard.main: http_request method=GET path=/api/icon-library/milk.svg status=200 elapsed_ms=1.7
2026-08-24T11:12:38+0800 INFO fridgeboard.main: http_request method=GET path=/api/icon-library/dried-goods.svg status=200 elapsed_ms=2.6
2026-08-24T11:12:39+0800 INFO fridgeboard.main: http_request method=GET path=/api/owner/refrigerators/a69d5943e6a94e46ade1bd86b8907aa5/categories/recent status=200 elapsed_ms=3.7
2026-08-24T11:12:39+0800 INFO fridgeboard.main: http_request method=GET path=/api/owner/refrigerators/a69d5943e6a94e46ade1bd86b8907aa5/categories/recent status=200 elapsed_ms=4.5
2026-08-24T11:12:53+0800 INFO fridgeboard.main: http_request method=GET path=/api/owner/refrigerators/a69d5943e6a94e46ade1bd86b8907aa5/categories/recent status=200 elapsed_ms=4.5
2026-08-24T11:12:53+0800 INFO fridgeboard.main: http_request method=GET path=/api/owner/refrigerators/a69d5943e6a94e46ade1bd86b8907aa5/categories/recent status=200 elapsed_ms=5.7
2026-08-24T11:13:21+0800 INFO fridgeboard.main: http_request method=GET path=/api/owner/refrigerators/a69d5943e6a94e46ade1bd86b8907aa5/custom-shopping-items status=200 elapsed_ms=1.7
2026-08-24T11:13:24+0800 INFO fridgeboard.main: http_request method=GET path=/api/owner/refrigerators/a69d5943e6a94e46ade1bd86b8907aa5/custom-shopping-items status=200 elapsed_ms=3.0
